#-----------------------------------------------------------
# Vivado v2016.2 (64-bit)
# SW Build 1577090 on Thu Jun  2 16:32:40 MDT 2016
# IP Build 1577682 on Fri Jun  3 12:00:54 MDT 2016
# Start of session at: Fri Feb 16 18:41:33 2018
# Process ID: 10208
# Current directory: C:/Users/Russe/OneDrive/Documents/GitHub/rat-cpu/hw3
# Command line: vivado.exe -gui_launcher_event rodinguilauncherevent11392 C:\Users\Russe\OneDrive\Documents\GitHub\rat-cpu\hw3\hw3.xpr
# Log file: C:/Users/Russe/OneDrive/Documents/GitHub/rat-cpu/hw3/vivado.log
# Journal file: C:/Users/Russe/OneDrive/Documents/GitHub/rat-cpu/hw3\vivado.jou
#-----------------------------------------------------------
start_gui
open_project C:/Users/Russe/OneDrive/Documents/GitHub/rat-cpu/hw3/hw3.xpr
update_compile_order -fileset sources_1
reset_run synth_1
launch_runs impl_1 -to_step write_bitstream
wait_on_run impl_1
reset_run synth_1
launch_runs impl_1 -to_step write_bitstream
wait_on_run impl_1
open_hw
connect_hw_server
open_hw_target
current_hw_device [lindex [get_hw_devices] 0]
refresh_hw_device -update_hw_probes false [lindex [get_hw_devices] 0]
set_property PROBES.FILE {} [lindex [get_hw_devices] 0]
set_property PROGRAM.FILE {C:/Users/Russe/OneDrive/Documents/GitHub/rat-cpu/hw3/hw3.runs/impl_1/keypad_drvr.bit} [lindex [get_hw_devices] 0]
program_hw_devices [lindex [get_hw_devices] 0]
create_run synth_2 -flow {Vivado Synthesis 2016} -strategy {Vivado Synthesis Defaults}
current_run [get_runs synth_2]
set_property part xc7a35tcpg236-1 [current_project]
launch_runs impl_2 -to_step write_bitstream
wait_on_run impl_2
set_property PROBES.FILE {} [lindex [get_hw_devices] 0]
set_property PROGRAM.FILE {C:/Users/Russe/OneDrive/Documents/GitHub/rat-cpu/hw3/hw3.runs/impl_2/keypad_drvr.bit} [lindex [get_hw_devices] 0]
program_hw_devices [lindex [get_hw_devices] 0]
refresh_hw_device [lindex [get_hw_devices] 0]
set_property PROBES.FILE {} [lindex [get_hw_devices] 0]
set_property PROGRAM.FILE {C:/Users/Russe/OneDrive/Documents/GitHub/rat-cpu/hw3/hw3.runs/impl_2/keypad_drvr.bit} [lindex [get_hw_devices] 0]
program_hw_devices [lindex [get_hw_devices] 0]
refresh_hw_device [lindex [get_hw_devices] 0]
reset_run synth_2
launch_runs impl_2 -to_step write_bitstream
wait_on_run impl_2
set_property PROBES.FILE {} [lindex [get_hw_devices] 0]
set_property PROGRAM.FILE {C:/Users/Russe/OneDrive/Documents/GitHub/rat-cpu/hw3/hw3.runs/impl_2/keypad_drvr.bit} [lindex [get_hw_devices] 0]
program_hw_devices [lindex [get_hw_devices] 0]
refresh_hw_device [lindex [get_hw_devices] 0]
reset_run synth_2
launch_runs impl_2 -to_step write_bitstream
wait_on_run impl_2
set_property PROBES.FILE {} [lindex [get_hw_devices] 0]
set_property PROGRAM.FILE {C:/Users/Russe/OneDrive/Documents/GitHub/rat-cpu/hw3/hw3.runs/impl_2/keypad_drvr.bit} [lindex [get_hw_devices] 0]
program_hw_devices [lindex [get_hw_devices] 0]
refresh_hw_device [lindex [get_hw_devices] 0]
reset_run synth_2
launch_runs impl_2 -to_step write_bitstream
wait_on_run impl_2
set_property PROBES.FILE {} [lindex [get_hw_devices] 0]
set_property PROGRAM.FILE {C:/Users/Russe/OneDrive/Documents/GitHub/rat-cpu/hw3/hw3.runs/impl_2/keypad_drvr.bit} [lindex [get_hw_devices] 0]
program_hw_devices [lindex [get_hw_devices] 0]
refresh_hw_device [lindex [get_hw_devices] 0]
reset_run synth_2
launch_runs impl_2 -to_step write_bitstream
wait_on_run impl_2
open_run impl_2
set_property PROBES.FILE {} [lindex [get_hw_devices] 0]
set_property PROGRAM.FILE {C:/Users/Russe/OneDrive/Documents/GitHub/rat-cpu/hw3/hw3.runs/impl_2/keypad_drvr.bit} [lindex [get_hw_devices] 0]
program_hw_devices [lindex [get_hw_devices] 0]
refresh_hw_device [lindex [get_hw_devices] 0]
set_property PROBES.FILE {} [lindex [get_hw_devices] 0]
set_property PROGRAM.FILE {C:/Users/Russe/OneDrive/Documents/GitHub/rat-cpu/hw3/hw3.runs/impl_2/keypad_drvr.bit} [lindex [get_hw_devices] 0]
program_hw_devices [lindex [get_hw_devices] 0]
refresh_hw_device [lindex [get_hw_devices] 0]
reset_run synth_2
launch_runs impl_2 -to_step write_bitstream
wait_on_run impl_2
set_property PROBES.FILE {} [lindex [get_hw_devices] 0]
set_property PROGRAM.FILE {C:/Users/Russe/OneDrive/Documents/GitHub/rat-cpu/hw3/hw3.runs/impl_2/keypad_drvr.bit} [lindex [get_hw_devices] 0]
program_hw_devices [lindex [get_hw_devices] 0]
refresh_hw_device [lindex [get_hw_devices] 0]
reset_run synth_2
launch_runs impl_2 -to_step write_bitstream
wait_on_run impl_2
set_property PROBES.FILE {} [lindex [get_hw_devices] 0]
set_property PROGRAM.FILE {C:/Users/Russe/OneDrive/Documents/GitHub/rat-cpu/hw3/hw3.runs/impl_2/keypad_drvr.bit} [lindex [get_hw_devices] 0]
program_hw_devices [lindex [get_hw_devices] 0]
refresh_hw_device [lindex [get_hw_devices] 0]
update_compile_order -fileset sources_1
update_compile_order -fileset sim_1
update_compile_order -fileset sources_1
update_compile_order -fileset sim_1
update_compile_order -fileset sources_1
update_compile_order -fileset sim_1
update_compile_order -fileset sources_1
update_compile_order -fileset sim_1
reset_run synth_2
launch_runs impl_2 -to_step write_bitstream
wait_on_run impl_2
set_property PROBES.FILE {} [lindex [get_hw_devices] 0]
set_property PROGRAM.FILE {C:/Users/Russe/OneDrive/Documents/GitHub/rat-cpu/hw3/hw3.runs/impl_2/keypad_drvr.bit} [lindex [get_hw_devices] 0]
program_hw_devices [lindex [get_hw_devices] 0]
refresh_hw_device [lindex [get_hw_devices] 0]
reset_run synth_2
launch_runs impl_2 -to_step write_bitstream
wait_on_run impl_2
set_property PROBES.FILE {} [lindex [get_hw_devices] 0]
set_property PROGRAM.FILE {C:/Users/Russe/OneDrive/Documents/GitHub/rat-cpu/hw3/hw3.runs/impl_2/keypad_drvr.bit} [lindex [get_hw_devices] 0]
program_hw_devices [lindex [get_hw_devices] 0]
refresh_hw_device [lindex [get_hw_devices] 0]
reset_run synth_2
launch_runs impl_2 -to_step write_bitstream
wait_on_run impl_2
set_property PROBES.FILE {} [lindex [get_hw_devices] 0]
set_property PROGRAM.FILE {C:/Users/Russe/OneDrive/Documents/GitHub/rat-cpu/hw3/hw3.runs/impl_2/keypad_drvr.bit} [lindex [get_hw_devices] 0]
program_hw_devices [lindex [get_hw_devices] 0]
refresh_hw_device [lindex [get_hw_devices] 0]
reset_run synth_2
launch_runs impl_2 -to_step write_bitstream
wait_on_run impl_2
set_property PROBES.FILE {} [lindex [get_hw_devices] 0]
set_property PROGRAM.FILE {C:/Users/Russe/OneDrive/Documents/GitHub/rat-cpu/hw3/hw3.runs/impl_2/keypad_drvr.bit} [lindex [get_hw_devices] 0]
program_hw_devices [lindex [get_hw_devices] 0]
refresh_hw_device [lindex [get_hw_devices] 0]
reset_run synth_2
launch_runs impl_2 -to_step write_bitstream
wait_on_run impl_2
open_run impl_2
set_property PROBES.FILE {} [lindex [get_hw_devices] 0]
set_property PROGRAM.FILE {C:/Users/Russe/OneDrive/Documents/GitHub/rat-cpu/hw3/hw3.runs/impl_2/keypad_drvr.bit} [lindex [get_hw_devices] 0]
program_hw_devices [lindex [get_hw_devices] 0]
refresh_hw_device [lindex [get_hw_devices] 0]
reset_run synth_2
launch_runs impl_2 -to_step write_bitstream
wait_on_run impl_2
set_property PROBES.FILE {} [lindex [get_hw_devices] 0]
set_property PROGRAM.FILE {C:/Users/Russe/OneDrive/Documents/GitHub/rat-cpu/hw3/hw3.runs/impl_2/keypad_drvr.bit} [lindex [get_hw_devices] 0]
program_hw_devices [lindex [get_hw_devices] 0]
refresh_hw_device [lindex [get_hw_devices] 0]
reset_run synth_2
launch_runs impl_2 -to_step write_bitstream
wait_on_run impl_2
set_property PROBES.FILE {} [lindex [get_hw_devices] 0]
set_property PROGRAM.FILE {C:/Users/Russe/OneDrive/Documents/GitHub/rat-cpu/hw3/hw3.runs/impl_2/keypad_drvr.bit} [lindex [get_hw_devices] 0]
program_hw_devices [lindex [get_hw_devices] 0]
refresh_hw_device [lindex [get_hw_devices] 0]
set_property PROBES.FILE {} [lindex [get_hw_devices] 0]
set_property PROGRAM.FILE {C:/Users/Russe/OneDrive/Documents/GitHub/rat-cpu/hw3/hw3.runs/impl_2/keypad_drvr.bit} [lindex [get_hw_devices] 0]
program_hw_devices [lindex [get_hw_devices] 0]
refresh_hw_device [lindex [get_hw_devices] 0]
reset_run synth_2
launch_runs impl_2 -to_step write_bitstream
wait_on_run impl_2
set_property PROBES.FILE {} [lindex [get_hw_devices] 0]
set_property PROGRAM.FILE {C:/Users/Russe/OneDrive/Documents/GitHub/rat-cpu/hw3/hw3.runs/impl_2/keypad_drvr.bit} [lindex [get_hw_devices] 0]
program_hw_devices [lindex [get_hw_devices] 0]
refresh_hw_device [lindex [get_hw_devices] 0]
reset_run synth_2
launch_runs impl_2 -to_step write_bitstream
wait_on_run impl_2
set_property PROBES.FILE {} [lindex [get_hw_devices] 0]
set_property PROGRAM.FILE {C:/Users/Russe/OneDrive/Documents/GitHub/rat-cpu/hw3/hw3.runs/impl_2/keypad_drvr.bit} [lindex [get_hw_devices] 0]
program_hw_devices [lindex [get_hw_devices] 0]
refresh_hw_device [lindex [get_hw_devices] 0]
reset_run synth_2
launch_runs impl_2 -to_step write_bitstream
wait_on_run impl_2
set_property PROBES.FILE {} [lindex [get_hw_devices] 0]
set_property PROGRAM.FILE {C:/Users/Russe/OneDrive/Documents/GitHub/rat-cpu/hw3/hw3.runs/impl_2/keypad_drvr.bit} [lindex [get_hw_devices] 0]
program_hw_devices [lindex [get_hw_devices] 0]
refresh_hw_device [lindex [get_hw_devices] 0]
reset_run synth_2
launch_runs impl_2 -to_step write_bitstream
wait_on_run impl_2
set_property PROBES.FILE {} [lindex [get_hw_devices] 0]
set_property PROGRAM.FILE {C:/Users/Russe/OneDrive/Documents/GitHub/rat-cpu/hw3/hw3.runs/impl_2/keypad_drvr.bit} [lindex [get_hw_devices] 0]
program_hw_devices [lindex [get_hw_devices] 0]
refresh_hw_device [lindex [get_hw_devices] 0]
set_property PROBES.FILE {} [lindex [get_hw_devices] 0]
set_property PROGRAM.FILE {C:/Users/Russe/OneDrive/Documents/GitHub/rat-cpu/hw3/hw3.runs/impl_2/keypad_drvr.bit} [lindex [get_hw_devices] 0]
program_hw_devices [lindex [get_hw_devices] 0]
refresh_hw_device [lindex [get_hw_devices] 0]
reset_run synth_2
launch_runs impl_2 -to_step write_bitstream
wait_on_run impl_2
set_property PROBES.FILE {} [lindex [get_hw_devices] 0]
set_property PROGRAM.FILE {C:/Users/Russe/OneDrive/Documents/GitHub/rat-cpu/hw3/hw3.runs/impl_2/keypad_drvr.bit} [lindex [get_hw_devices] 0]
program_hw_devices [lindex [get_hw_devices] 0]
refresh_hw_device [lindex [get_hw_devices] 0]
reset_run synth_2
launch_runs impl_2 -to_step write_bitstream
wait_on_run impl_2
open_run impl_2
set_property PROBES.FILE {} [lindex [get_hw_devices] 0]
set_property PROGRAM.FILE {C:/Users/Russe/OneDrive/Documents/GitHub/rat-cpu/hw3/hw3.runs/impl_2/keypad_drvr.bit} [lindex [get_hw_devices] 0]
program_hw_devices [lindex [get_hw_devices] 0]
refresh_hw_device [lindex [get_hw_devices] 0]
reset_run synth_2
launch_runs impl_2 -to_step write_bitstream
wait_on_run impl_2
open_run impl_2
set_property PROBES.FILE {} [lindex [get_hw_devices] 0]
set_property PROGRAM.FILE {C:/Users/Russe/OneDrive/Documents/GitHub/rat-cpu/hw3/hw3.runs/impl_2/keypad_drvr.bit} [lindex [get_hw_devices] 0]
program_hw_devices [lindex [get_hw_devices] 0]
refresh_hw_device [lindex [get_hw_devices] 0]
reset_run synth_2
launch_runs impl_2 -to_step write_bitstream
wait_on_run impl_2
reset_run impl_2 -prev_step 
launch_runs impl_2 -to_step write_bitstream
wait_on_run impl_2
reset_run impl_2 -prev_step 
reset_run impl_2 -prev_step 
reset_run synth_2
launch_runs impl_2 -to_step write_bitstream
wait_on_run impl_2
set_property PROBES.FILE {} [lindex [get_hw_devices] 0]
set_property PROGRAM.FILE {C:/Users/Russe/OneDrive/Documents/GitHub/rat-cpu/hw3/hw3.runs/impl_2/keypad_drvr.bit} [lindex [get_hw_devices] 0]
program_hw_devices [lindex [get_hw_devices] 0]
refresh_hw_device [lindex [get_hw_devices] 0]
set_property PROBES.FILE {} [lindex [get_hw_devices] 0]
set_property PROGRAM.FILE {C:/Users/Russe/OneDrive/Documents/GitHub/rat-cpu/hw3/hw3.runs/impl_2/keypad_drvr.bit} [lindex [get_hw_devices] 0]
program_hw_devices [lindex [get_hw_devices] 0]
refresh_hw_device [lindex [get_hw_devices] 0]
reset_run synth_2
launch_runs impl_2 -to_step write_bitstream
wait_on_run impl_2
set_property PROBES.FILE {} [lindex [get_hw_devices] 0]
set_property PROGRAM.FILE {C:/Users/Russe/OneDrive/Documents/GitHub/rat-cpu/hw3/hw3.runs/impl_2/keypad_drvr.bit} [lindex [get_hw_devices] 0]
program_hw_devices [lindex [get_hw_devices] 0]
refresh_hw_device [lindex [get_hw_devices] 0]
reset_run synth_2
launch_runs impl_2 -to_step write_bitstream
wait_on_run impl_2
file mkdir C:/Users/Russe/OneDrive/Documents/GitHub/rat-cpu/hw3/hw3.srcs/sim_1/new
set_property SOURCE_SET sources_1 [get_filesets sim_1]
close [ open C:/Users/Russe/OneDrive/Documents/GitHub/rat-cpu/hw3/hw3.srcs/sim_1/new/nathansHack.vhd w ]
add_files -fileset sim_1 C:/Users/Russe/OneDrive/Documents/GitHub/rat-cpu/hw3/hw3.srcs/sim_1/new/nathansHack.vhd
update_compile_order -fileset sim_1
open_run impl_2
update_compile_order -fileset sim_1
update_compile_order -fileset sim_1
launch_simulation
source testing_keypad_drvr.tcl
run 500 ms
restart
run 500 ms
reset_run synth_2
launch_runs impl_2 -to_step write_bitstream
wait_on_run impl_2
set_property PROBES.FILE {} [lindex [get_hw_devices] 0]
set_property PROGRAM.FILE {C:/Users/Russe/OneDrive/Documents/GitHub/rat-cpu/hw3/hw3.runs/impl_2/keypad_drvr.bit} [lindex [get_hw_devices] 0]
program_hw_devices [lindex [get_hw_devices] 0]
refresh_hw_device [lindex [get_hw_devices] 0]
reset_run synth_2
launch_runs impl_2 -to_step write_bitstream
wait_on_run impl_2
set_property PROBES.FILE {} [lindex [get_hw_devices] 0]
set_property PROGRAM.FILE {C:/Users/Russe/OneDrive/Documents/GitHub/rat-cpu/hw3/hw3.runs/impl_2/keypad_drvr.bit} [lindex [get_hw_devices] 0]
program_hw_devices [lindex [get_hw_devices] 0]
refresh_hw_device [lindex [get_hw_devices] 0]
synth_design -rtl -name rtl_1
refresh_design
close_design
