#-----------------------------------------------------------
# Vivado v2016.2 (64-bit)
# SW Build 1577090 on Thu Jun  2 16:32:40 MDT 2016
# IP Build 1577682 on Fri Jun  3 12:00:54 MDT 2016
# Start of session at: Sun Mar 18 19:07:23 2018
# Process ID: 9228
# Current directory: C:/Users/pangj/OneDrive - California Polytechnic State University/rat-cpu/hw4/interrupt_controller
# Command line: vivado.exe -gui_launcher_event rodinguilauncherevent14800 C:\Users\pangj\OneDrive - California Polytechnic State University\rat-cpu\hw4\interrupt_controller\interrupt_controller.xpr
# Log file: C:/Users/pangj/OneDrive - California Polytechnic State University/rat-cpu/hw4/interrupt_controller/vivado.log
# Journal file: C:/Users/pangj/OneDrive - California Polytechnic State University/rat-cpu/hw4/interrupt_controller\vivado.jou
#-----------------------------------------------------------
start_gui
open_project {C:/Users/pangj/OneDrive - California Polytechnic State University/rat-cpu/hw4/interrupt_controller/interrupt_controller.xpr}
update_compile_order -fileset sources_1
