#-----------------------------------------------------------
# Vivado v2016.2 (64-bit)
# SW Build 1577090 on Thu Jun  2 16:32:40 MDT 2016
# IP Build 1577682 on Fri Jun  3 12:00:54 MDT 2016
# Start of session at: Tue Feb 20 15:54:36 2018
# Process ID: 11236
# Current directory: C:/Users/NWang/Desktop/hw3_new
# Command line: vivado.exe -gui_launcher_event rodinguilauncherevent9316 C:\Users\NWang\Desktop\hw3_new\hw3_new.xpr
# Log file: C:/Users/NWang/Desktop/hw3_new/vivado.log
# Journal file: C:/Users/NWang/Desktop/hw3_new\vivado.jou
#-----------------------------------------------------------
start_gui
open_project C:/Users/NWang/Desktop/hw3_new/hw3_new.xpr
update_compile_order -fileset sources_1
update_compile_order -fileset sources_1
update_compile_order -fileset sources_1
launch_simulation
source keypad_drvr.tcl
add_force {/keypad_drvr/clk} -radix hex {1 0ns} {0 5000ps} -repeat_every 10000ps
add_force {/keypad_drvr/cols} -radix hex {3 0ns}
run 500 ms
restart
add_force {/keypad_drvr/clk} -radix hex {1 0ns} {0 50000ps} -repeat_every 100000ps
add_force {/keypad_drvr/cols} -radix hex {7 0ns}
run 500 ms
restart
run 500 ms
restart
run 100 ms
add_force {/keypad_drvr/clk} -radix hex {1 0ns} {0 50000ps} -repeat_every 100000ps
run 100 ms
add_force {/keypad_drvr/cols} -radix hex {3 0ns}
run 100 ms
add_force {/keypad_drvr/cols} -radix hex {7 0ns}
run 100 ms
add_force {/keypad_drvr/cols} -radix hex {D 0ns}
add_force {/keypad_drvr/cols} -radix hex {5 0ns}
run 100 ms
add_force {/keypad_drvr/cols} -radix hex {6 0ns}
run 100 ms
close_sim
