#-----------------------------------------------------------
# Vivado v2016.2 (64-bit)
# SW Build 1577090 on Thu Jun  2 16:32:40 MDT 2016
# IP Build 1577682 on Fri Jun  3 12:00:54 MDT 2016
# Start of session at: Wed Mar 07 21:59:33 2018
# Process ID: 12200
# Current directory: C:/Users/pangj/OneDrive - California Polytechnic State University/rat-cpu/rat_mcu/rat_mcu
# Command line: vivado.exe -gui_launcher_event rodinguilauncherevent5564 C:\Users\pangj\OneDrive - California Polytechnic State University\rat-cpu\rat_mcu\rat_mcu\rat_mcu.xpr
# Log file: C:/Users/pangj/OneDrive - California Polytechnic State University/rat-cpu/rat_mcu/rat_mcu/vivado.log
# Journal file: C:/Users/pangj/OneDrive - California Polytechnic State University/rat-cpu/rat_mcu/rat_mcu\vivado.jou
#-----------------------------------------------------------
start_gui
open_project {C:/Users/pangj/OneDrive - California Polytechnic State University/rat-cpu/rat_mcu/rat_mcu/rat_mcu.xpr}
update_compile_order -fileset sources_1
save_project_as hoop_driver {C:/Users/pangj/OneDrive - California Polytechnic State University/rat-cpu/final_project/hoop_driver} -force
update_compile_order -fileset sources_1
reset_run synth_1
launch_runs impl_1 -to_step write_bitstream
wait_on_run impl_1
open_hw
connect_hw_server
open_hw_target
set_property PROGRAM.FILE {C:/Users/pangj/OneDrive - California Polytechnic State University/rat-cpu/final_project/hoop_driver/hoop_driver.runs/impl_1/RAT_wrapper.bit} [lindex [get_hw_devices] 0]
current_hw_device [lindex [get_hw_devices] 0]
refresh_hw_device -update_hw_probes false [lindex [get_hw_devices] 0]
set_property PROBES.FILE {} [lindex [get_hw_devices] 0]
set_property PROGRAM.FILE {C:/Users/pangj/OneDrive - California Polytechnic State University/rat-cpu/final_project/hoop_driver/hoop_driver.runs/impl_1/RAT_wrapper.bit} [lindex [get_hw_devices] 0]
program_hw_devices [lindex [get_hw_devices] 0]
refresh_hw_device [lindex [get_hw_devices] 0]
